// Jest Snapshot v1, https://goo.gl/fbAQLP

exports[`<Users /> renders fetched Users 1`] = `
<div
  className="uk-child-width-1-3@m uk-grid-small uk-grid-match uk-grid"
>
  <div>
    <div
      className="uk-card uk-card-primary uk-card-body"
    >
      <h3
        className="uk-card-title"
      >
        
         
        
      </h3>
      <p>
        This is a profile card for 
        
      </p>
    </div>
  </div>
</div>
`;
