// Jest Snapshot v1, https://goo.gl/fbAQLP

exports[`<AddUser /> component should render <AddUser /> component 1`] = `
<div>
  <form
    action="#"
    onReset={[Function]}
    onSubmit={[Function]}
  >
    <fieldset
      className="uk-fieldset"
    >
      <legend
        className="uk-legend"
      >
        Add A User
      </legend>
      <div
        className="uk-margin"
      >
        <input
          className="uk-input uk-form-width-large"
          name="name"
          onBlur={[Function]}
          onChange={[Function]}
          placeholder="First Name"
          type="text"
          value=""
        />
      </div>
      <div
        className="uk-margin"
      >
        <input
          className="uk-input uk-form-width-large"
          name="surname"
          onBlur={[Function]}
          onChange={[Function]}
          placeholder="Surname"
          type="text"
          value=""
        />
      </div>
      <div>
        <input
          className="uk-button uk-button-default"
          type="submit"
          value="Add User"
        />
      </div>
    </fieldset>
  </form>
</div>
`;
